// Jest Snapshot v1, https://goo.gl/fbAQLP

exports[`renders correctly 1`] = `
<main>
  <h2>
    Snapshot Testing
  </h2>
</main>
`;
