// Jest Snapshot v1, https://goo.gl/fbAQLP

exports[`rendering should render component correctly 1`] = `
<div>
  <h2>
    Gift Giver
  </h2>
</div>
`;

exports[`rendering should render component correctly 2`] = `
"Snapshot Diff:
Compared values have no visual difference."
`;
